// Jest Snapshot v1, https://goo.gl/fbAQLP

exports[`To test investigators index page! It should match the snapshot 1`] = `
<div
  id="investigators-main-container"
>
  <div
    id="investigators-container"
  >
    <h1>
      Latest Investigators
    </h1>
    <p>
      Please select an investigator
    </p>
    <div
      className="slider-container"
    >
      <div
        className="slick-slider slider slick-initialized"
        dir="ltr"
      >
        <div
          className="left-arrow slick-arrow"
          onClick={[Function]}
          role="presentation"
          style={
            Object {
              "background": "#efefef",
              "cursor": "default",
            }
          }
        >
          <svg
            fill="currentColor"
            height="1em"
            stroke="currentColor"
            strokeWidth="0"
            style={
              Object {
                "color": undefined,
              }
            }
            viewBox="0 0 24 24"
            width="1em"
            xmlns="http://www.w3.org/2000/svg"
          >
            <path
              d="M18.464 2.114a.998.998 0 0 0-1.033.063l-13 9a1.003 1.003 0 0 0 0 1.645l13 9A1 1 0 0 0 19 21V3a1 1 0 0 0-.536-.886zM17 19.091 6.757 12 17 4.909v14.182z"
            />
          </svg>
        </div>
        <div
          className="slick-list"
          onClick={[Function]}
          onKeyDown={[Function]}
          onMouseDown={[Function]}
          onMouseLeave={null}
          onMouseMove={null}
          onMouseUp={[Function]}
          onTouchCancel={null}
          onTouchEnd={[Function]}
          onTouchMove={null}
          onTouchStart={[Function]}
          style={Object {}}
        >
          <div
            className="slick-track"
            onMouseEnter={[Function]}
            onMouseLeave={[Function]}
            onMouseOver={[Function]}
            style={
              Object {
                "WebkitTransform": "translate3d(0px, 0px, 0px)",
                "WebkitTransition": "",
                "msTransform": "translateX(0px)",
                "opacity": 1,
                "transform": "translate3d(0px, 0px, 0px)",
                "transition": "",
              }
            }
          >
            <div
              aria-hidden={true}
              className="slick-slide slick-cloned"
              data-index={-3}
              onClick={[Function]}
              style={
                Object {
                  "width": 0,
                }
              }
              tabIndex="-1"
            >
              <div>
                <a
                  className=""
                  href="/investigators/4"
                  onClick={[Function]}
                >
                  <img
                    alt="Dexters"
                    src="https://res.cloudinary.com/emmii/image/upload/v1664549397/general/unisex-avatar_ksg8nn.jpg"
                  />
                </a>
                <div
                  className="investigator-card__info"
                >
                  <a
                    className=""
                    href="/investigators/4"
                    onClick={[Function]}
                  >
                    <h3>
                      Dexters
                    </h3>
                    <hr
                      style={
                        Object {
                          "borderBottom": "1px solid black",
                          "borderStyle": "dotted",
                        }
                      }
                    />
                    <p>
                      lorem ipsum
                    </p>
                  </a>
                  <ul
                    className="social-icons"
                  >
                    <li>
                      <a
                        aria-label="Facebook"
                        href="#"
                      >
                        <svg
                          fill="currentColor"
                          height="1em"
                          stroke="currentColor"
                          strokeWidth="0"
                          style={
                            Object {
                              "color": undefined,
                            }
                          }
                          viewBox="0 0 320 512"
                          width="1em"
                          xmlns="http://www.w3.org/2000/svg"
                        >
                          <path
                            d="M279.14 288l14.22-92.66h-88.91v-60.13c0-25.35 12.42-50.06 52.24-50.06h40.42V6.26S260.43 0 225.36 0c-73.22 0-121.08 44.38-121.08 124.72v70.62H22.89V288h81.39v224h100.17V288z"
                          />
                        </svg>
                      </a>
                    </li>
                    <li>
                      <a
                        aria-label="Twitter"
                        href="#"
                      >
                        <svg
                          fill="currentColor"
                          height="1em"
                          stroke="currentColor"
                          strokeWidth="0"
                          style={
                            Object {
                              "color": undefined,
                            }
                          }
                          viewBox="0 0 512 512"
                          width="1em"
                          xmlns="http://www.w3.org/2000/svg"
                        >
                          <path
                            d="M459.37 151.716c.325 4.548.325 9.097.325 13.645 0 138.72-105.583 298.558-298.558 298.558-59.452 0-114.68-17.219-161.137-47.106 8.447.974 16.568 1.299 25.34 1.299 49.055 0 94.213-16.568 130.274-44.832-46.132-.975-84.792-31.188-98.112-72.772 6.498.974 12.995 1.624 19.818 1.624 9.421 0 18.843-1.3 27.614-3.573-48.081-9.747-84.143-51.98-84.143-102.985v-1.299c13.969 7.797 30.214 12.67 47.431 13.319-28.264-18.843-46.781-51.005-46.781-87.391 0-19.492 5.197-37.36 14.294-52.954 51.655 63.675 129.3 105.258 216.365 109.807-1.624-7.797-2.599-15.918-2.599-24.04 0-57.828 46.782-104.934 104.934-104.934 30.213 0 57.502 12.67 76.67 33.137 23.715-4.548 46.456-13.32 66.599-25.34-7.798 24.366-24.366 44.833-46.132 57.827 21.117-2.273 41.584-8.122 60.426-16.243-14.292 20.791-32.161 39.308-52.628 54.253z"
                          />
                        </svg>
                      </a>
                    </li>
                    <li>
                      <a
                        aria-label="Instagram"
                        href="#"
                      >
                        <svg
                          baseProfile="tiny"
                          fill="currentColor"
                          height="1em"
                          stroke="currentColor"
                          strokeWidth="0"
                          style={
                            Object {
                              "color": undefined,
                            }
                          }
                          version="1.2"
                          viewBox="0 0 24 24"
                          width="1em"
                          xmlns="http://www.w3.org/2000/svg"
                        >
                          <path
                            d="M18 3h-12c-1.7 0-3 1.3-3 3v12c0 1.7 1.3 3 3 3h12c1.7 0 3-1.3 3-3v-12c0-1.7-1.3-3-3-3zm-6 6c1.7 0 3 1.3 3 3s-1.3 3-3 3-3-1.3-3-3 1.3-3 3-3zm3.8-2c0-.7.6-1.2 1.2-1.2s1.2.6 1.2 1.2-.5 1.2-1.2 1.2-1.2-.5-1.2-1.2zm2.2 12h-12c-.6 0-1-.4-1-1v-6h2c0 2.8 2.2 5 5 5s5-2.2 5-5h2v6c0 .6-.4 1-1 1z"
                          />
                        </svg>
                      </a>
                    </li>
                  </ul>
                </div>
              </div>
            </div>
            <div
              aria-hidden={true}
              className="slick-slide slick-cloned"
              data-index={-2}
              onClick={[Function]}
              style={
                Object {
                  "width": 0,
                }
              }
              tabIndex="-1"
            >
              <div>
                <a
                  className=""
                  href="/investigators/5"
                  onClick={[Function]}
                >
                  <img
                    alt="Dexters"
                    src="https://res.cloudinary.com/emmii/image/upload/v1664549397/general/unisex-avatar_ksg8nn.jpg"
                  />
                </a>
                <div
                  className="investigator-card__info"
                >
                  <a
                    className=""
                    href="/investigators/5"
                    onClick={[Function]}
                  >
                    <h3>
                      Dexters
                    </h3>
                    <hr
                      style={
                        Object {
                          "borderBottom": "1px solid black",
                          "borderStyle": "dotted",
                        }
                      }
                    />
                    <p>
                      lorem ipsum
                    </p>
                  </a>
                  <ul
                    className="social-icons"
                  >
                    <li>
                      <a
                        aria-label="Facebook"
                        href="#"
                      >
                        <svg
                          fill="currentColor"
                          height="1em"
                          stroke="currentColor"
                          strokeWidth="0"
                          style={
                            Object {
                              "color": undefined,
                            }
                          }
                          viewBox="0 0 320 512"
                          width="1em"
                          xmlns="http://www.w3.org/2000/svg"
                        >
                          <path
                            d="M279.14 288l14.22-92.66h-88.91v-60.13c0-25.35 12.42-50.06 52.24-50.06h40.42V6.26S260.43 0 225.36 0c-73.22 0-121.08 44.38-121.08 124.72v70.62H22.89V288h81.39v224h100.17V288z"
                          />
                        </svg>
                      </a>
                    </li>
                    <li>
                      <a
                        aria-label="Twitter"
                        href="#"
                      >
                        <svg
                          fill="currentColor"
                          height="1em"
                          stroke="currentColor"
                          strokeWidth="0"
                          style={
                            Object {
                              "color": undefined,
                            }
                          }
                          viewBox="0 0 512 512"
                          width="1em"
                          xmlns="http://www.w3.org/2000/svg"
                        >
                          <path
                            d="M459.37 151.716c.325 4.548.325 9.097.325 13.645 0 138.72-105.583 298.558-298.558 298.558-59.452 0-114.68-17.219-161.137-47.106 8.447.974 16.568 1.299 25.34 1.299 49.055 0 94.213-16.568 130.274-44.832-46.132-.975-84.792-31.188-98.112-72.772 6.498.974 12.995 1.624 19.818 1.624 9.421 0 18.843-1.3 27.614-3.573-48.081-9.747-84.143-51.98-84.143-102.985v-1.299c13.969 7.797 30.214 12.67 47.431 13.319-28.264-18.843-46.781-51.005-46.781-87.391 0-19.492 5.197-37.36 14.294-52.954 51.655 63.675 129.3 105.258 216.365 109.807-1.624-7.797-2.599-15.918-2.599-24.04 0-57.828 46.782-104.934 104.934-104.934 30.213 0 57.502 12.67 76.67 33.137 23.715-4.548 46.456-13.32 66.599-25.34-7.798 24.366-24.366 44.833-46.132 57.827 21.117-2.273 41.584-8.122 60.426-16.243-14.292 20.791-32.161 39.308-52.628 54.253z"
                          />
                        </svg>
                      </a>
                    </li>
                    <li>
                      <a
                        aria-label="Instagram"
                        href="#"
                      >
                        <svg
                          baseProfile="tiny"
                          fill="currentColor"
                          height="1em"
                          stroke="currentColor"
                          strokeWidth="0"
                          style={
                            Object {
                              "color": undefined,
                            }
                          }
                          version="1.2"
                          viewBox="0 0 24 24"
                          width="1em"
                          xmlns="http://www.w3.org/2000/svg"
                        >
                          <path
                            d="M18 3h-12c-1.7 0-3 1.3-3 3v12c0 1.7 1.3 3 3 3h12c1.7 0 3-1.3 3-3v-12c0-1.7-1.3-3-3-3zm-6 6c1.7 0 3 1.3 3 3s-1.3 3-3 3-3-1.3-3-3 1.3-3 3-3zm3.8-2c0-.7.6-1.2 1.2-1.2s1.2.6 1.2 1.2-.5 1.2-1.2 1.2-1.2-.5-1.2-1.2zm2.2 12h-12c-.6 0-1-.4-1-1v-6h2c0 2.8 2.2 5 5 5s5-2.2 5-5h2v6c0 .6-.4 1-1 1z"
                          />
                        </svg>
                      </a>
                    </li>
                  </ul>
                </div>
              </div>
            </div>
            <div
              aria-hidden={true}
              className="slick-slide slick-cloned"
              data-index={-1}
              onClick={[Function]}
              style={
                Object {
                  "width": 0,
                }
              }
              tabIndex="-1"
            >
              <div>
                <a
                  className=""
                  href="/investigators/6"
                  onClick={[Function]}
                >
                  <img
                    alt="Dexters"
                    src="https://res.cloudinary.com/emmii/image/upload/v1664549397/general/unisex-avatar_ksg8nn.jpg"
                  />
                </a>
                <div
                  className="investigator-card__info"
                >
                  <a
                    className=""
                    href="/investigators/6"
                    onClick={[Function]}
                  >
                    <h3>
                      Dexters
                    </h3>
                    <hr
                      style={
                        Object {
                          "borderBottom": "1px solid black",
                          "borderStyle": "dotted",
                        }
                      }
                    />
                    <p>
                      lorem ipsum
                    </p>
                  </a>
                  <ul
                    className="social-icons"
                  >
                    <li>
                      <a
                        aria-label="Facebook"
                        href="#"
                      >
                        <svg
                          fill="currentColor"
                          height="1em"
                          stroke="currentColor"
                          strokeWidth="0"
                          style={
                            Object {
                              "color": undefined,
                            }
                          }
                          viewBox="0 0 320 512"
                          width="1em"
                          xmlns="http://www.w3.org/2000/svg"
                        >
                          <path
                            d="M279.14 288l14.22-92.66h-88.91v-60.13c0-25.35 12.42-50.06 52.24-50.06h40.42V6.26S260.43 0 225.36 0c-73.22 0-121.08 44.38-121.08 124.72v70.62H22.89V288h81.39v224h100.17V288z"
                          />
                        </svg>
                      </a>
                    </li>
                    <li>
                      <a
                        aria-label="Twitter"
                        href="#"
                      >
                        <svg
                          fill="currentColor"
                          height="1em"
                          stroke="currentColor"
                          strokeWidth="0"
                          style={
                            Object {
                              "color": undefined,
                            }
                          }
                          viewBox="0 0 512 512"
                          width="1em"
                          xmlns="http://www.w3.org/2000/svg"
                        >
                          <path
                            d="M459.37 151.716c.325 4.548.325 9.097.325 13.645 0 138.72-105.583 298.558-298.558 298.558-59.452 0-114.68-17.219-161.137-47.106 8.447.974 16.568 1.299 25.34 1.299 49.055 0 94.213-16.568 130.274-44.832-46.132-.975-84.792-31.188-98.112-72.772 6.498.974 12.995 1.624 19.818 1.624 9.421 0 18.843-1.3 27.614-3.573-48.081-9.747-84.143-51.98-84.143-102.985v-1.299c13.969 7.797 30.214 12.67 47.431 13.319-28.264-18.843-46.781-51.005-46.781-87.391 0-19.492 5.197-37.36 14.294-52.954 51.655 63.675 129.3 105.258 216.365 109.807-1.624-7.797-2.599-15.918-2.599-24.04 0-57.828 46.782-104.934 104.934-104.934 30.213 0 57.502 12.67 76.67 33.137 23.715-4.548 46.456-13.32 66.599-25.34-7.798 24.366-24.366 44.833-46.132 57.827 21.117-2.273 41.584-8.122 60.426-16.243-14.292 20.791-32.161 39.308-52.628 54.253z"
                          />
                        </svg>
                      </a>
                    </li>
                    <li>
                      <a
                        aria-label="Instagram"
                        href="#"
                      >
                        <svg
                          baseProfile="tiny"
                          fill="currentColor"
                          height="1em"
                          stroke="currentColor"
                          strokeWidth="0"
                          style={
                            Object {
                              "color": undefined,
                            }
                          }
                          version="1.2"
                          viewBox="0 0 24 24"
                          width="1em"
                          xmlns="http://www.w3.org/2000/svg"
                        >
                          <path
                            d="M18 3h-12c-1.7 0-3 1.3-3 3v12c0 1.7 1.3 3 3 3h12c1.7 0 3-1.3 3-3v-12c0-1.7-1.3-3-3-3zm-6 6c1.7 0 3 1.3 3 3s-1.3 3-3 3-3-1.3-3-3 1.3-3 3-3zm3.8-2c0-.7.6-1.2 1.2-1.2s1.2.6 1.2 1.2-.5 1.2-1.2 1.2-1.2-.5-1.2-1.2zm2.2 12h-12c-.6 0-1-.4-1-1v-6h2c0 2.8 2.2 5 5 5s5-2.2 5-5h2v6c0 .6-.4 1-1 1z"
                          />
                        </svg>
                      </a>
                    </li>
                  </ul>
                </div>
              </div>
            </div>
            <div
              aria-hidden={false}
              className="slick-slide slick-active slick-current"
              data-index={0}
              onClick={[Function]}
              style={
                Object {
                  "outline": "none",
                  "width": 0,
                }
              }
              tabIndex="-1"
            >
              <div>
                <a
                  className=""
                  href="/investigators/1"
                  onClick={[Function]}
                >
                  <img
                    alt="Dexters"
                    src="https://res.cloudinary.com/emmii/image/upload/v1664549397/general/unisex-avatar_ksg8nn.jpg"
                  />
                </a>
                <div
                  className="investigator-card__info"
                >
                  <a
                    className=""
                    href="/investigators/1"
                    onClick={[Function]}
                  >
                    <h3>
                      Dexters
                    </h3>
                    <hr
                      style={
                        Object {
                          "borderBottom": "1px solid black",
                          "borderStyle": "dotted",
                        }
                      }
                    />
                    <p>
                      lorem ipsum
                    </p>
                  </a>
                  <ul
                    className="social-icons"
                  >
                    <li>
                      <a
                        aria-label="Facebook"
                        href="#"
                      >
                        <svg
                          fill="currentColor"
                          height="1em"
                          stroke="currentColor"
                          strokeWidth="0"
                          style={
                            Object {
                              "color": undefined,
                            }
                          }
                          viewBox="0 0 320 512"
                          width="1em"
                          xmlns="http://www.w3.org/2000/svg"
                        >
                          <path
                            d="M279.14 288l14.22-92.66h-88.91v-60.13c0-25.35 12.42-50.06 52.24-50.06h40.42V6.26S260.43 0 225.36 0c-73.22 0-121.08 44.38-121.08 124.72v70.62H22.89V288h81.39v224h100.17V288z"
                          />
                        </svg>
                      </a>
                    </li>
                    <li>
                      <a
                        aria-label="Twitter"
                        href="#"
                      >
                        <svg
                          fill="currentColor"
                          height="1em"
                          stroke="currentColor"
                          strokeWidth="0"
                          style={
                            Object {
                              "color": undefined,
                            }
                          }
                          viewBox="0 0 512 512"
                          width="1em"
                          xmlns="http://www.w3.org/2000/svg"
                        >
                          <path
                            d="M459.37 151.716c.325 4.548.325 9.097.325 13.645 0 138.72-105.583 298.558-298.558 298.558-59.452 0-114.68-17.219-161.137-47.106 8.447.974 16.568 1.299 25.34 1.299 49.055 0 94.213-16.568 130.274-44.832-46.132-.975-84.792-31.188-98.112-72.772 6.498.974 12.995 1.624 19.818 1.624 9.421 0 18.843-1.3 27.614-3.573-48.081-9.747-84.143-51.98-84.143-102.985v-1.299c13.969 7.797 30.214 12.67 47.431 13.319-28.264-18.843-46.781-51.005-46.781-87.391 0-19.492 5.197-37.36 14.294-52.954 51.655 63.675 129.3 105.258 216.365 109.807-1.624-7.797-2.599-15.918-2.599-24.04 0-57.828 46.782-104.934 104.934-104.934 30.213 0 57.502 12.67 76.67 33.137 23.715-4.548 46.456-13.32 66.599-25.34-7.798 24.366-24.366 44.833-46.132 57.827 21.117-2.273 41.584-8.122 60.426-16.243-14.292 20.791-32.161 39.308-52.628 54.253z"
                          />
                        </svg>
                      </a>
                    </li>
                    <li>
                      <a
                        aria-label="Instagram"
                        href="#"
                      >
                        <svg
                          baseProfile="tiny"
                          fill="currentColor"
                          height="1em"
                          stroke="currentColor"
                          strokeWidth="0"
                          style={
                            Object {
                              "color": undefined,
                            }
                          }
                          version="1.2"
                          viewBox="0 0 24 24"
                          width="1em"
                          xmlns="http://www.w3.org/2000/svg"
                        >
                          <path
                            d="M18 3h-12c-1.7 0-3 1.3-3 3v12c0 1.7 1.3 3 3 3h12c1.7 0 3-1.3 3-3v-12c0-1.7-1.3-3-3-3zm-6 6c1.7 0 3 1.3 3 3s-1.3 3-3 3-3-1.3-3-3 1.3-3 3-3zm3.8-2c0-.7.6-1.2 1.2-1.2s1.2.6 1.2 1.2-.5 1.2-1.2 1.2-1.2-.5-1.2-1.2zm2.2 12h-12c-.6 0-1-.4-1-1v-6h2c0 2.8 2.2 5 5 5s5-2.2 5-5h2v6c0 .6-.4 1-1 1z"
                          />
                        </svg>
                      </a>
                    </li>
                  </ul>
                </div>
              </div>
            </div>
            <div
              aria-hidden={false}
              className="slick-slide slick-active"
              data-index={1}
              onClick={[Function]}
              style={
                Object {
                  "outline": "none",
                  "width": 0,
                }
              }
              tabIndex="-1"
            >
              <div>
                <a
                  className=""
                  href="/investigators/2"
                  onClick={[Function]}
                >
                  <img
                    alt="Dexters"
                    src="https://res.cloudinary.com/emmii/image/upload/v1664549397/general/unisex-avatar_ksg8nn.jpg"
                  />
                </a>
                <div
                  className="investigator-card__info"
                >
                  <a
                    className=""
                    href="/investigators/2"
                    onClick={[Function]}
                  >
                    <h3>
                      Dexters
                    </h3>
                    <hr
                      style={
                        Object {
                          "borderBottom": "1px solid black",
                          "borderStyle": "dotted",
                        }
                      }
                    />
                    <p>
                      lorem ipsum
                    </p>
                  </a>
                  <ul
                    className="social-icons"
                  >
                    <li>
                      <a
                        aria-label="Facebook"
                        href="#"
                      >
                        <svg
                          fill="currentColor"
                          height="1em"
                          stroke="currentColor"
                          strokeWidth="0"
                          style={
                            Object {
                              "color": undefined,
                            }
                          }
                          viewBox="0 0 320 512"
                          width="1em"
                          xmlns="http://www.w3.org/2000/svg"
                        >
                          <path
                            d="M279.14 288l14.22-92.66h-88.91v-60.13c0-25.35 12.42-50.06 52.24-50.06h40.42V6.26S260.43 0 225.36 0c-73.22 0-121.08 44.38-121.08 124.72v70.62H22.89V288h81.39v224h100.17V288z"
                          />
                        </svg>
                      </a>
                    </li>
                    <li>
                      <a
                        aria-label="Twitter"
                        href="#"
                      >
                        <svg
                          fill="currentColor"
                          height="1em"
                          stroke="currentColor"
                          strokeWidth="0"
                          style={
                            Object {
                              "color": undefined,
                            }
                          }
                          viewBox="0 0 512 512"
                          width="1em"
                          xmlns="http://www.w3.org/2000/svg"
                        >
                          <path
                            d="M459.37 151.716c.325 4.548.325 9.097.325 13.645 0 138.72-105.583 298.558-298.558 298.558-59.452 0-114.68-17.219-161.137-47.106 8.447.974 16.568 1.299 25.34 1.299 49.055 0 94.213-16.568 130.274-44.832-46.132-.975-84.792-31.188-98.112-72.772 6.498.974 12.995 1.624 19.818 1.624 9.421 0 18.843-1.3 27.614-3.573-48.081-9.747-84.143-51.98-84.143-102.985v-1.299c13.969 7.797 30.214 12.67 47.431 13.319-28.264-18.843-46.781-51.005-46.781-87.391 0-19.492 5.197-37.36 14.294-52.954 51.655 63.675 129.3 105.258 216.365 109.807-1.624-7.797-2.599-15.918-2.599-24.04 0-57.828 46.782-104.934 104.934-104.934 30.213 0 57.502 12.67 76.67 33.137 23.715-4.548 46.456-13.32 66.599-25.34-7.798 24.366-24.366 44.833-46.132 57.827 21.117-2.273 41.584-8.122 60.426-16.243-14.292 20.791-32.161 39.308-52.628 54.253z"
                          />
                        </svg>
                      </a>
                    </li>
                    <li>
                      <a
                        aria-label="Instagram"
                        href="#"
                      >
                        <svg
                          baseProfile="tiny"
                          fill="currentColor"
                          height="1em"
                          stroke="currentColor"
                          strokeWidth="0"
                          style={
                            Object {
                              "color": undefined,
                            }
                          }
                          version="1.2"
                          viewBox="0 0 24 24"
                          width="1em"
                          xmlns="http://www.w3.org/2000/svg"
                        >
                          <path
                            d="M18 3h-12c-1.7 0-3 1.3-3 3v12c0 1.7 1.3 3 3 3h12c1.7 0 3-1.3 3-3v-12c0-1.7-1.3-3-3-3zm-6 6c1.7 0 3 1.3 3 3s-1.3 3-3 3-3-1.3-3-3 1.3-3 3-3zm3.8-2c0-.7.6-1.2 1.2-1.2s1.2.6 1.2 1.2-.5 1.2-1.2 1.2-1.2-.5-1.2-1.2zm2.2 12h-12c-.6 0-1-.4-1-1v-6h2c0 2.8 2.2 5 5 5s5-2.2 5-5h2v6c0 .6-.4 1-1 1z"
                          />
                        </svg>
                      </a>
                    </li>
                  </ul>
                </div>
              </div>
            </div>
            <div
              aria-hidden={false}
              className="slick-slide slick-active"
              data-index={2}
              onClick={[Function]}
              style={
                Object {
                  "outline": "none",
                  "width": 0,
                }
              }
              tabIndex="-1"
            >
              <div>
                <a
                  className=""
                  href="/investigators/3"
                  onClick={[Function]}
                >
                  <img
                    alt="Dexters"
                    src="https://res.cloudinary.com/emmii/image/upload/v1664549397/general/unisex-avatar_ksg8nn.jpg"
                  />
                </a>
                <div
                  className="investigator-card__info"
                >
                  <a
                    className=""
                    href="/investigators/3"
                    onClick={[Function]}
                  >
                    <h3>
                      Dexters
                    </h3>
                    <hr
                      style={
                        Object {
                          "borderBottom": "1px solid black",
                          "borderStyle": "dotted",
                        }
                      }
                    />
                    <p>
                      lorem ipsum
                    </p>
                  </a>
                  <ul
                    className="social-icons"
                  >
                    <li>
                      <a
                        aria-label="Facebook"
                        href="#"
                      >
                        <svg
                          fill="currentColor"
                          height="1em"
                          stroke="currentColor"
                          strokeWidth="0"
                          style={
                            Object {
                              "color": undefined,
                            }
                          }
                          viewBox="0 0 320 512"
                          width="1em"
                          xmlns="http://www.w3.org/2000/svg"
                        >
                          <path
                            d="M279.14 288l14.22-92.66h-88.91v-60.13c0-25.35 12.42-50.06 52.24-50.06h40.42V6.26S260.43 0 225.36 0c-73.22 0-121.08 44.38-121.08 124.72v70.62H22.89V288h81.39v224h100.17V288z"
                          />
                        </svg>
                      </a>
                    </li>
                    <li>
                      <a
                        aria-label="Twitter"
                        href="#"
                      >
                        <svg
                          fill="currentColor"
                          height="1em"
                          stroke="currentColor"
                          strokeWidth="0"
                          style={
                            Object {
                              "color": undefined,
                            }
                          }
                          viewBox="0 0 512 512"
                          width="1em"
                          xmlns="http://www.w3.org/2000/svg"
                        >
                          <path
                            d="M459.37 151.716c.325 4.548.325 9.097.325 13.645 0 138.72-105.583 298.558-298.558 298.558-59.452 0-114.68-17.219-161.137-47.106 8.447.974 16.568 1.299 25.34 1.299 49.055 0 94.213-16.568 130.274-44.832-46.132-.975-84.792-31.188-98.112-72.772 6.498.974 12.995 1.624 19.818 1.624 9.421 0 18.843-1.3 27.614-3.573-48.081-9.747-84.143-51.98-84.143-102.985v-1.299c13.969 7.797 30.214 12.67 47.431 13.319-28.264-18.843-46.781-51.005-46.781-87.391 0-19.492 5.197-37.36 14.294-52.954 51.655 63.675 129.3 105.258 216.365 109.807-1.624-7.797-2.599-15.918-2.599-24.04 0-57.828 46.782-104.934 104.934-104.934 30.213 0 57.502 12.67 76.67 33.137 23.715-4.548 46.456-13.32 66.599-25.34-7.798 24.366-24.366 44.833-46.132 57.827 21.117-2.273 41.584-8.122 60.426-16.243-14.292 20.791-32.161 39.308-52.628 54.253z"
                          />
                        </svg>
                      </a>
                    </li>
                    <li>
                      <a
                        aria-label="Instagram"
                        href="#"
                      >
                        <svg
                          baseProfile="tiny"
                          fill="currentColor"
                          height="1em"
                          stroke="currentColor"
                          strokeWidth="0"
                          style={
                            Object {
                              "color": undefined,
                            }
                          }
                          version="1.2"
                          viewBox="0 0 24 24"
                          width="1em"
                          xmlns="http://www.w3.org/2000/svg"
                        >
                          <path
                            d="M18 3h-12c-1.7 0-3 1.3-3 3v12c0 1.7 1.3 3 3 3h12c1.7 0 3-1.3 3-3v-12c0-1.7-1.3-3-3-3zm-6 6c1.7 0 3 1.3 3 3s-1.3 3-3 3-3-1.3-3-3 1.3-3 3-3zm3.8-2c0-.7.6-1.2 1.2-1.2s1.2.6 1.2 1.2-.5 1.2-1.2 1.2-1.2-.5-1.2-1.2zm2.2 12h-12c-.6 0-1-.4-1-1v-6h2c0 2.8 2.2 5 5 5s5-2.2 5-5h2v6c0 .6-.4 1-1 1z"
                          />
                        </svg>
                      </a>
                    </li>
                  </ul>
                </div>
              </div>
            </div>
            <div
              aria-hidden={true}
              className="slick-slide"
              data-index={3}
              onClick={[Function]}
              style={
                Object {
                  "outline": "none",
                  "width": 0,
                }
              }
              tabIndex="-1"
            >
              <div>
                <a
                  className=""
                  href="/investigators/4"
                  onClick={[Function]}
                >
                  <img
                    alt="Dexters"
                    src="https://res.cloudinary.com/emmii/image/upload/v1664549397/general/unisex-avatar_ksg8nn.jpg"
                  />
                </a>
                <div
                  className="investigator-card__info"
                >
                  <a
                    className=""
                    href="/investigators/4"
                    onClick={[Function]}
                  >
                    <h3>
                      Dexters
                    </h3>
                    <hr
                      style={
                        Object {
                          "borderBottom": "1px solid black",
                          "borderStyle": "dotted",
                        }
                      }
                    />
                    <p>
                      lorem ipsum
                    </p>
                  </a>
                  <ul
                    className="social-icons"
                  >
                    <li>
                      <a
                        aria-label="Facebook"
                        href="#"
                      >
                        <svg
                          fill="currentColor"
                          height="1em"
                          stroke="currentColor"
                          strokeWidth="0"
                          style={
                            Object {
                              "color": undefined,
                            }
                          }
                          viewBox="0 0 320 512"
                          width="1em"
                          xmlns="http://www.w3.org/2000/svg"
                        >
                          <path
                            d="M279.14 288l14.22-92.66h-88.91v-60.13c0-25.35 12.42-50.06 52.24-50.06h40.42V6.26S260.43 0 225.36 0c-73.22 0-121.08 44.38-121.08 124.72v70.62H22.89V288h81.39v224h100.17V288z"
                          />
                        </svg>
                      </a>
                    </li>
                    <li>
                      <a
                        aria-label="Twitter"
                        href="#"
                      >
                        <svg
                          fill="currentColor"
                          height="1em"
                          stroke="currentColor"
                          strokeWidth="0"
                          style={
                            Object {
                              "color": undefined,
                            }
                          }
                          viewBox="0 0 512 512"
                          width="1em"
                          xmlns="http://www.w3.org/2000/svg"
                        >
                          <path
                            d="M459.37 151.716c.325 4.548.325 9.097.325 13.645 0 138.72-105.583 298.558-298.558 298.558-59.452 0-114.68-17.219-161.137-47.106 8.447.974 16.568 1.299 25.34 1.299 49.055 0 94.213-16.568 130.274-44.832-46.132-.975-84.792-31.188-98.112-72.772 6.498.974 12.995 1.624 19.818 1.624 9.421 0 18.843-1.3 27.614-3.573-48.081-9.747-84.143-51.98-84.143-102.985v-1.299c13.969 7.797 30.214 12.67 47.431 13.319-28.264-18.843-46.781-51.005-46.781-87.391 0-19.492 5.197-37.36 14.294-52.954 51.655 63.675 129.3 105.258 216.365 109.807-1.624-7.797-2.599-15.918-2.599-24.04 0-57.828 46.782-104.934 104.934-104.934 30.213 0 57.502 12.67 76.67 33.137 23.715-4.548 46.456-13.32 66.599-25.34-7.798 24.366-24.366 44.833-46.132 57.827 21.117-2.273 41.584-8.122 60.426-16.243-14.292 20.791-32.161 39.308-52.628 54.253z"
                          />
                        </svg>
                      </a>
                    </li>
                    <li>
                      <a
                        aria-label="Instagram"
                        href="#"
                      >
                        <svg
                          baseProfile="tiny"
                          fill="currentColor"
                          height="1em"
                          stroke="currentColor"
                          strokeWidth="0"
                          style={
                            Object {
                              "color": undefined,
                            }
                          }
                          version="1.2"
                          viewBox="0 0 24 24"
                          width="1em"
                          xmlns="http://www.w3.org/2000/svg"
                        >
                          <path
                            d="M18 3h-12c-1.7 0-3 1.3-3 3v12c0 1.7 1.3 3 3 3h12c1.7 0 3-1.3 3-3v-12c0-1.7-1.3-3-3-3zm-6 6c1.7 0 3 1.3 3 3s-1.3 3-3 3-3-1.3-3-3 1.3-3 3-3zm3.8-2c0-.7.6-1.2 1.2-1.2s1.2.6 1.2 1.2-.5 1.2-1.2 1.2-1.2-.5-1.2-1.2zm2.2 12h-12c-.6 0-1-.4-1-1v-6h2c0 2.8 2.2 5 5 5s5-2.2 5-5h2v6c0 .6-.4 1-1 1z"
                          />
                        </svg>
                      </a>
                    </li>
                  </ul>
                </div>
              </div>
            </div>
            <div
              aria-hidden={true}
              className="slick-slide"
              data-index={4}
              onClick={[Function]}
              style={
                Object {
                  "outline": "none",
                  "width": 0,
                }
              }
              tabIndex="-1"
            >
              <div>
                <a
                  className=""
                  href="/investigators/5"
                  onClick={[Function]}
                >
                  <img
                    alt="Dexters"
                    src="https://res.cloudinary.com/emmii/image/upload/v1664549397/general/unisex-avatar_ksg8nn.jpg"
                  />
                </a>
                <div
                  className="investigator-card__info"
                >
                  <a
                    className=""
                    href="/investigators/5"
                    onClick={[Function]}
                  >
                    <h3>
                      Dexters
                    </h3>
                    <hr
                      style={
                        Object {
                          "borderBottom": "1px solid black",
                          "borderStyle": "dotted",
                        }
                      }
                    />
                    <p>
                      lorem ipsum
                    </p>
                  </a>
                  <ul
                    className="social-icons"
                  >
                    <li>
                      <a
                        aria-label="Facebook"
                        href="#"
                      >
                        <svg
                          fill="currentColor"
                          height="1em"
                          stroke="currentColor"
                          strokeWidth="0"
                          style={
                            Object {
                              "color": undefined,
                            }
                          }
                          viewBox="0 0 320 512"
                          width="1em"
                          xmlns="http://www.w3.org/2000/svg"
                        >
                          <path
                            d="M279.14 288l14.22-92.66h-88.91v-60.13c0-25.35 12.42-50.06 52.24-50.06h40.42V6.26S260.43 0 225.36 0c-73.22 0-121.08 44.38-121.08 124.72v70.62H22.89V288h81.39v224h100.17V288z"
                          />
                        </svg>
                      </a>
                    </li>
                    <li>
                      <a
                        aria-label="Twitter"
                        href="#"
                      >
                        <svg
                          fill="currentColor"
                          height="1em"
                          stroke="currentColor"
                          strokeWidth="0"
                          style={
                            Object {
                              "color": undefined,
                            }
                          }
                          viewBox="0 0 512 512"
                          width="1em"
                          xmlns="http://www.w3.org/2000/svg"
                        >
                          <path
                            d="M459.37 151.716c.325 4.548.325 9.097.325 13.645 0 138.72-105.583 298.558-298.558 298.558-59.452 0-114.68-17.219-161.137-47.106 8.447.974 16.568 1.299 25.34 1.299 49.055 0 94.213-16.568 130.274-44.832-46.132-.975-84.792-31.188-98.112-72.772 6.498.974 12.995 1.624 19.818 1.624 9.421 0 18.843-1.3 27.614-3.573-48.081-9.747-84.143-51.98-84.143-102.985v-1.299c13.969 7.797 30.214 12.67 47.431 13.319-28.264-18.843-46.781-51.005-46.781-87.391 0-19.492 5.197-37.36 14.294-52.954 51.655 63.675 129.3 105.258 216.365 109.807-1.624-7.797-2.599-15.918-2.599-24.04 0-57.828 46.782-104.934 104.934-104.934 30.213 0 57.502 12.67 76.67 33.137 23.715-4.548 46.456-13.32 66.599-25.34-7.798 24.366-24.366 44.833-46.132 57.827 21.117-2.273 41.584-8.122 60.426-16.243-14.292 20.791-32.161 39.308-52.628 54.253z"
                          />
                        </svg>
                      </a>
                    </li>
                    <li>
                      <a
                        aria-label="Instagram"
                        href="#"
                      >
                        <svg
                          baseProfile="tiny"
                          fill="currentColor"
                          height="1em"
                          stroke="currentColor"
                          strokeWidth="0"
                          style={
                            Object {
                              "color": undefined,
                            }
                          }
                          version="1.2"
                          viewBox="0 0 24 24"
                          width="1em"
                          xmlns="http://www.w3.org/2000/svg"
                        >
                          <path
                            d="M18 3h-12c-1.7 0-3 1.3-3 3v12c0 1.7 1.3 3 3 3h12c1.7 0 3-1.3 3-3v-12c0-1.7-1.3-3-3-3zm-6 6c1.7 0 3 1.3 3 3s-1.3 3-3 3-3-1.3-3-3 1.3-3 3-3zm3.8-2c0-.7.6-1.2 1.2-1.2s1.2.6 1.2 1.2-.5 1.2-1.2 1.2-1.2-.5-1.2-1.2zm2.2 12h-12c-.6 0-1-.4-1-1v-6h2c0 2.8 2.2 5 5 5s5-2.2 5-5h2v6c0 .6-.4 1-1 1z"
                          />
                        </svg>
                      </a>
                    </li>
                  </ul>
                </div>
              </div>
            </div>
            <div
              aria-hidden={true}
              className="slick-slide"
              data-index={5}
              onClick={[Function]}
              style={
                Object {
                  "outline": "none",
                  "width": 0,
                }
              }
              tabIndex="-1"
            >
              <div>
                <a
                  className=""
                  href="/investigators/6"
                  onClick={[Function]}
                >
                  <img
                    alt="Dexters"
                    src="https://res.cloudinary.com/emmii/image/upload/v1664549397/general/unisex-avatar_ksg8nn.jpg"
                  />
                </a>
                <div
                  className="investigator-card__info"
                >
                  <a
                    className=""
                    href="/investigators/6"
                    onClick={[Function]}
                  >
                    <h3>
                      Dexters
                    </h3>
                    <hr
                      style={
                        Object {
                          "borderBottom": "1px solid black",
                          "borderStyle": "dotted",
                        }
                      }
                    />
                    <p>
                      lorem ipsum
                    </p>
                  </a>
                  <ul
                    className="social-icons"
                  >
                    <li>
                      <a
                        aria-label="Facebook"
                        href="#"
                      >
                        <svg
                          fill="currentColor"
                          height="1em"
                          stroke="currentColor"
                          strokeWidth="0"
                          style={
                            Object {
                              "color": undefined,
                            }
                          }
                          viewBox="0 0 320 512"
                          width="1em"
                          xmlns="http://www.w3.org/2000/svg"
                        >
                          <path
                            d="M279.14 288l14.22-92.66h-88.91v-60.13c0-25.35 12.42-50.06 52.24-50.06h40.42V6.26S260.43 0 225.36 0c-73.22 0-121.08 44.38-121.08 124.72v70.62H22.89V288h81.39v224h100.17V288z"
                          />
                        </svg>
                      </a>
                    </li>
                    <li>
                      <a
                        aria-label="Twitter"
                        href="#"
                      >
                        <svg
                          fill="currentColor"
                          height="1em"
                          stroke="currentColor"
                          strokeWidth="0"
                          style={
                            Object {
                              "color": undefined,
                            }
                          }
                          viewBox="0 0 512 512"
                          width="1em"
                          xmlns="http://www.w3.org/2000/svg"
                        >
                          <path
                            d="M459.37 151.716c.325 4.548.325 9.097.325 13.645 0 138.72-105.583 298.558-298.558 298.558-59.452 0-114.68-17.219-161.137-47.106 8.447.974 16.568 1.299 25.34 1.299 49.055 0 94.213-16.568 130.274-44.832-46.132-.975-84.792-31.188-98.112-72.772 6.498.974 12.995 1.624 19.818 1.624 9.421 0 18.843-1.3 27.614-3.573-48.081-9.747-84.143-51.98-84.143-102.985v-1.299c13.969 7.797 30.214 12.67 47.431 13.319-28.264-18.843-46.781-51.005-46.781-87.391 0-19.492 5.197-37.36 14.294-52.954 51.655 63.675 129.3 105.258 216.365 109.807-1.624-7.797-2.599-15.918-2.599-24.04 0-57.828 46.782-104.934 104.934-104.934 30.213 0 57.502 12.67 76.67 33.137 23.715-4.548 46.456-13.32 66.599-25.34-7.798 24.366-24.366 44.833-46.132 57.827 21.117-2.273 41.584-8.122 60.426-16.243-14.292 20.791-32.161 39.308-52.628 54.253z"
                          />
                        </svg>
                      </a>
                    </li>
                    <li>
                      <a
                        aria-label="Instagram"
                        href="#"
                      >
                        <svg
                          baseProfile="tiny"
                          fill="currentColor"
                          height="1em"
                          stroke="currentColor"
                          strokeWidth="0"
                          style={
                            Object {
                              "color": undefined,
                            }
                          }
                          version="1.2"
                          viewBox="0 0 24 24"
                          width="1em"
                          xmlns="http://www.w3.org/2000/svg"
                        >
                          <path
                            d="M18 3h-12c-1.7 0-3 1.3-3 3v12c0 1.7 1.3 3 3 3h12c1.7 0 3-1.3 3-3v-12c0-1.7-1.3-3-3-3zm-6 6c1.7 0 3 1.3 3 3s-1.3 3-3 3-3-1.3-3-3 1.3-3 3-3zm3.8-2c0-.7.6-1.2 1.2-1.2s1.2.6 1.2 1.2-.5 1.2-1.2 1.2-1.2-.5-1.2-1.2zm2.2 12h-12c-.6 0-1-.4-1-1v-6h2c0 2.8 2.2 5 5 5s5-2.2 5-5h2v6c0 .6-.4 1-1 1z"
                          />
                        </svg>
                      </a>
                    </li>
                  </ul>
                </div>
              </div>
            </div>
            <div
              aria-hidden={true}
              className="slick-slide slick-cloned"
              data-index={6}
              onClick={[Function]}
              style={
                Object {
                  "width": 0,
                }
              }
              tabIndex="-1"
            >
              <div>
                <a
                  className=""
                  href="/investigators/1"
                  onClick={[Function]}
                >
                  <img
                    alt="Dexters"
                    src="https://res.cloudinary.com/emmii/image/upload/v1664549397/general/unisex-avatar_ksg8nn.jpg"
                  />
                </a>
                <div
                  className="investigator-card__info"
                >
                  <a
                    className=""
                    href="/investigators/1"
                    onClick={[Function]}
                  >
                    <h3>
                      Dexters
                    </h3>
                    <hr
                      style={
                        Object {
                          "borderBottom": "1px solid black",
                          "borderStyle": "dotted",
                        }
                      }
                    />
                    <p>
                      lorem ipsum
                    </p>
                  </a>
                  <ul
                    className="social-icons"
                  >
                    <li>
                      <a
                        aria-label="Facebook"
                        href="#"
                      >
                        <svg
                          fill="currentColor"
                          height="1em"
                          stroke="currentColor"
                          strokeWidth="0"
                          style={
                            Object {
                              "color": undefined,
                            }
                          }
                          viewBox="0 0 320 512"
                          width="1em"
                          xmlns="http://www.w3.org/2000/svg"
                        >
                          <path
                            d="M279.14 288l14.22-92.66h-88.91v-60.13c0-25.35 12.42-50.06 52.24-50.06h40.42V6.26S260.43 0 225.36 0c-73.22 0-121.08 44.38-121.08 124.72v70.62H22.89V288h81.39v224h100.17V288z"
                          />
                        </svg>
                      </a>
                    </li>
                    <li>
                      <a
                        aria-label="Twitter"
                        href="#"
                      >
                        <svg
                          fill="currentColor"
                          height="1em"
                          stroke="currentColor"
                          strokeWidth="0"
                          style={
                            Object {
                              "color": undefined,
                            }
                          }
                          viewBox="0 0 512 512"
                          width="1em"
                          xmlns="http://www.w3.org/2000/svg"
                        >
                          <path
                            d="M459.37 151.716c.325 4.548.325 9.097.325 13.645 0 138.72-105.583 298.558-298.558 298.558-59.452 0-114.68-17.219-161.137-47.106 8.447.974 16.568 1.299 25.34 1.299 49.055 0 94.213-16.568 130.274-44.832-46.132-.975-84.792-31.188-98.112-72.772 6.498.974 12.995 1.624 19.818 1.624 9.421 0 18.843-1.3 27.614-3.573-48.081-9.747-84.143-51.98-84.143-102.985v-1.299c13.969 7.797 30.214 12.67 47.431 13.319-28.264-18.843-46.781-51.005-46.781-87.391 0-19.492 5.197-37.36 14.294-52.954 51.655 63.675 129.3 105.258 216.365 109.807-1.624-7.797-2.599-15.918-2.599-24.04 0-57.828 46.782-104.934 104.934-104.934 30.213 0 57.502 12.67 76.67 33.137 23.715-4.548 46.456-13.32 66.599-25.34-7.798 24.366-24.366 44.833-46.132 57.827 21.117-2.273 41.584-8.122 60.426-16.243-14.292 20.791-32.161 39.308-52.628 54.253z"
                          />
                        </svg>
                      </a>
                    </li>
                    <li>
                      <a
                        aria-label="Instagram"
                        href="#"
                      >
                        <svg
                          baseProfile="tiny"
                          fill="currentColor"
                          height="1em"
                          stroke="currentColor"
                          strokeWidth="0"
                          style={
                            Object {
                              "color": undefined,
                            }
                          }
                          version="1.2"
                          viewBox="0 0 24 24"
                          width="1em"
                          xmlns="http://www.w3.org/2000/svg"
                        >
                          <path
                            d="M18 3h-12c-1.7 0-3 1.3-3 3v12c0 1.7 1.3 3 3 3h12c1.7 0 3-1.3 3-3v-12c0-1.7-1.3-3-3-3zm-6 6c1.7 0 3 1.3 3 3s-1.3 3-3 3-3-1.3-3-3 1.3-3 3-3zm3.8-2c0-.7.6-1.2 1.2-1.2s1.2.6 1.2 1.2-.5 1.2-1.2 1.2-1.2-.5-1.2-1.2zm2.2 12h-12c-.6 0-1-.4-1-1v-6h2c0 2.8 2.2 5 5 5s5-2.2 5-5h2v6c0 .6-.4 1-1 1z"
                          />
                        </svg>
                      </a>
                    </li>
                  </ul>
                </div>
              </div>
            </div>
            <div
              aria-hidden={true}
              className="slick-slide slick-cloned"
              data-index={7}
              onClick={[Function]}
              style={
                Object {
                  "width": 0,
                }
              }
              tabIndex="-1"
            >
              <div>
                <a
                  className=""
                  href="/investigators/2"
                  onClick={[Function]}
                >
                  <img
                    alt="Dexters"
                    src="https://res.cloudinary.com/emmii/image/upload/v1664549397/general/unisex-avatar_ksg8nn.jpg"
                  />
                </a>
                <div
                  className="investigator-card__info"
                >
                  <a
                    className=""
                    href="/investigators/2"
                    onClick={[Function]}
                  >
                    <h3>
                      Dexters
                    </h3>
                    <hr
                      style={
                        Object {
                          "borderBottom": "1px solid black",
                          "borderStyle": "dotted",
                        }
                      }
                    />
                    <p>
                      lorem ipsum
                    </p>
                  </a>
                  <ul
                    className="social-icons"
                  >
                    <li>
                      <a
                        aria-label="Facebook"
                        href="#"
                      >
                        <svg
                          fill="currentColor"
                          height="1em"
                          stroke="currentColor"
                          strokeWidth="0"
                          style={
                            Object {
                              "color": undefined,
                            }
                          }
                          viewBox="0 0 320 512"
                          width="1em"
                          xmlns="http://www.w3.org/2000/svg"
                        >
                          <path
                            d="M279.14 288l14.22-92.66h-88.91v-60.13c0-25.35 12.42-50.06 52.24-50.06h40.42V6.26S260.43 0 225.36 0c-73.22 0-121.08 44.38-121.08 124.72v70.62H22.89V288h81.39v224h100.17V288z"
                          />
                        </svg>
                      </a>
                    </li>
                    <li>
                      <a
                        aria-label="Twitter"
                        href="#"
                      >
                        <svg
                          fill="currentColor"
                          height="1em"
                          stroke="currentColor"
                          strokeWidth="0"
                          style={
                            Object {
                              "color": undefined,
                            }
                          }
                          viewBox="0 0 512 512"
                          width="1em"
                          xmlns="http://www.w3.org/2000/svg"
                        >
                          <path
                            d="M459.37 151.716c.325 4.548.325 9.097.325 13.645 0 138.72-105.583 298.558-298.558 298.558-59.452 0-114.68-17.219-161.137-47.106 8.447.974 16.568 1.299 25.34 1.299 49.055 0 94.213-16.568 130.274-44.832-46.132-.975-84.792-31.188-98.112-72.772 6.498.974 12.995 1.624 19.818 1.624 9.421 0 18.843-1.3 27.614-3.573-48.081-9.747-84.143-51.98-84.143-102.985v-1.299c13.969 7.797 30.214 12.67 47.431 13.319-28.264-18.843-46.781-51.005-46.781-87.391 0-19.492 5.197-37.36 14.294-52.954 51.655 63.675 129.3 105.258 216.365 109.807-1.624-7.797-2.599-15.918-2.599-24.04 0-57.828 46.782-104.934 104.934-104.934 30.213 0 57.502 12.67 76.67 33.137 23.715-4.548 46.456-13.32 66.599-25.34-7.798 24.366-24.366 44.833-46.132 57.827 21.117-2.273 41.584-8.122 60.426-16.243-14.292 20.791-32.161 39.308-52.628 54.253z"
                          />
                        </svg>
                      </a>
                    </li>
                    <li>
                      <a
                        aria-label="Instagram"
                        href="#"
                      >
                        <svg
                          baseProfile="tiny"
                          fill="currentColor"
                          height="1em"
                          stroke="currentColor"
                          strokeWidth="0"
                          style={
                            Object {
                              "color": undefined,
                            }
                          }
                          version="1.2"
                          viewBox="0 0 24 24"
                          width="1em"
                          xmlns="http://www.w3.org/2000/svg"
                        >
                          <path
                            d="M18 3h-12c-1.7 0-3 1.3-3 3v12c0 1.7 1.3 3 3 3h12c1.7 0 3-1.3 3-3v-12c0-1.7-1.3-3-3-3zm-6 6c1.7 0 3 1.3 3 3s-1.3 3-3 3-3-1.3-3-3 1.3-3 3-3zm3.8-2c0-.7.6-1.2 1.2-1.2s1.2.6 1.2 1.2-.5 1.2-1.2 1.2-1.2-.5-1.2-1.2zm2.2 12h-12c-.6 0-1-.4-1-1v-6h2c0 2.8 2.2 5 5 5s5-2.2 5-5h2v6c0 .6-.4 1-1 1z"
                          />
                        </svg>
                      </a>
                    </li>
                  </ul>
                </div>
              </div>
            </div>
            <div
              aria-hidden={true}
              className="slick-slide slick-cloned"
              data-index={8}
              onClick={[Function]}
              style={
                Object {
                  "width": 0,
                }
              }
              tabIndex="-1"
            >
              <div>
                <a
                  className=""
                  href="/investigators/3"
                  onClick={[Function]}
                >
                  <img
                    alt="Dexters"
                    src="https://res.cloudinary.com/emmii/image/upload/v1664549397/general/unisex-avatar_ksg8nn.jpg"
                  />
                </a>
                <div
                  className="investigator-card__info"
                >
                  <a
                    className=""
                    href="/investigators/3"
                    onClick={[Function]}
                  >
                    <h3>
                      Dexters
                    </h3>
                    <hr
                      style={
                        Object {
                          "borderBottom": "1px solid black",
                          "borderStyle": "dotted",
                        }
                      }
                    />
                    <p>
                      lorem ipsum
                    </p>
                  </a>
                  <ul
                    className="social-icons"
                  >
                    <li>
                      <a
                        aria-label="Facebook"
                        href="#"
                      >
                        <svg
                          fill="currentColor"
                          height="1em"
                          stroke="currentColor"
                          strokeWidth="0"
                          style={
                            Object {
                              "color": undefined,
                            }
                          }
                          viewBox="0 0 320 512"
                          width="1em"
                          xmlns="http://www.w3.org/2000/svg"
                        >
                          <path
                            d="M279.14 288l14.22-92.66h-88.91v-60.13c0-25.35 12.42-50.06 52.24-50.06h40.42V6.26S260.43 0 225.36 0c-73.22 0-121.08 44.38-121.08 124.72v70.62H22.89V288h81.39v224h100.17V288z"
                          />
                        </svg>
                      </a>
                    </li>
                    <li>
                      <a
                        aria-label="Twitter"
                        href="#"
                      >
                        <svg
                          fill="currentColor"
                          height="1em"
                          stroke="currentColor"
                          strokeWidth="0"
                          style={
                            Object {
                              "color": undefined,
                            }
                          }
                          viewBox="0 0 512 512"
                          width="1em"
                          xmlns="http://www.w3.org/2000/svg"
                        >
                          <path
                            d="M459.37 151.716c.325 4.548.325 9.097.325 13.645 0 138.72-105.583 298.558-298.558 298.558-59.452 0-114.68-17.219-161.137-47.106 8.447.974 16.568 1.299 25.34 1.299 49.055 0 94.213-16.568 130.274-44.832-46.132-.975-84.792-31.188-98.112-72.772 6.498.974 12.995 1.624 19.818 1.624 9.421 0 18.843-1.3 27.614-3.573-48.081-9.747-84.143-51.98-84.143-102.985v-1.299c13.969 7.797 30.214 12.67 47.431 13.319-28.264-18.843-46.781-51.005-46.781-87.391 0-19.492 5.197-37.36 14.294-52.954 51.655 63.675 129.3 105.258 216.365 109.807-1.624-7.797-2.599-15.918-2.599-24.04 0-57.828 46.782-104.934 104.934-104.934 30.213 0 57.502 12.67 76.67 33.137 23.715-4.548 46.456-13.32 66.599-25.34-7.798 24.366-24.366 44.833-46.132 57.827 21.117-2.273 41.584-8.122 60.426-16.243-14.292 20.791-32.161 39.308-52.628 54.253z"
                          />
                        </svg>
                      </a>
                    </li>
                    <li>
                      <a
                        aria-label="Instagram"
                        href="#"
                      >
                        <svg
                          baseProfile="tiny"
                          fill="currentColor"
                          height="1em"
                          stroke="currentColor"
                          strokeWidth="0"
                          style={
                            Object {
                              "color": undefined,
                            }
                          }
                          version="1.2"
                          viewBox="0 0 24 24"
                          width="1em"
                          xmlns="http://www.w3.org/2000/svg"
                        >
                          <path
                            d="M18 3h-12c-1.7 0-3 1.3-3 3v12c0 1.7 1.3 3 3 3h12c1.7 0 3-1.3 3-3v-12c0-1.7-1.3-3-3-3zm-6 6c1.7 0 3 1.3 3 3s-1.3 3-3 3-3-1.3-3-3 1.3-3 3-3zm3.8-2c0-.7.6-1.2 1.2-1.2s1.2.6 1.2 1.2-.5 1.2-1.2 1.2-1.2-.5-1.2-1.2zm2.2 12h-12c-.6 0-1-.4-1-1v-6h2c0 2.8 2.2 5 5 5s5-2.2 5-5h2v6c0 .6-.4 1-1 1z"
                          />
                        </svg>
                      </a>
                    </li>
                  </ul>
                </div>
              </div>
            </div>
            <div
              aria-hidden={true}
              className="slick-slide slick-cloned"
              data-index={9}
              onClick={[Function]}
              style={
                Object {
                  "width": 0,
                }
              }
              tabIndex="-1"
            >
              <div>
                <a
                  className=""
                  href="/investigators/4"
                  onClick={[Function]}
                >
                  <img
                    alt="Dexters"
                    src="https://res.cloudinary.com/emmii/image/upload/v1664549397/general/unisex-avatar_ksg8nn.jpg"
                  />
                </a>
                <div
                  className="investigator-card__info"
                >
                  <a
                    className=""
                    href="/investigators/4"
                    onClick={[Function]}
                  >
                    <h3>
                      Dexters
                    </h3>
                    <hr
                      style={
                        Object {
                          "borderBottom": "1px solid black",
                          "borderStyle": "dotted",
                        }
                      }
                    />
                    <p>
                      lorem ipsum
                    </p>
                  </a>
                  <ul
                    className="social-icons"
                  >
                    <li>
                      <a
                        aria-label="Facebook"
                        href="#"
                      >
                        <svg
                          fill="currentColor"
                          height="1em"
                          stroke="currentColor"
                          strokeWidth="0"
                          style={
                            Object {
                              "color": undefined,
                            }
                          }
                          viewBox="0 0 320 512"
                          width="1em"
                          xmlns="http://www.w3.org/2000/svg"
                        >
                          <path
                            d="M279.14 288l14.22-92.66h-88.91v-60.13c0-25.35 12.42-50.06 52.24-50.06h40.42V6.26S260.43 0 225.36 0c-73.22 0-121.08 44.38-121.08 124.72v70.62H22.89V288h81.39v224h100.17V288z"
                          />
                        </svg>
                      </a>
                    </li>
                    <li>
                      <a
                        aria-label="Twitter"
                        href="#"
                      >
                        <svg
                          fill="currentColor"
                          height="1em"
                          stroke="currentColor"
                          strokeWidth="0"
                          style={
                            Object {
                              "color": undefined,
                            }
                          }
                          viewBox="0 0 512 512"
                          width="1em"
                          xmlns="http://www.w3.org/2000/svg"
                        >
                          <path
                            d="M459.37 151.716c.325 4.548.325 9.097.325 13.645 0 138.72-105.583 298.558-298.558 298.558-59.452 0-114.68-17.219-161.137-47.106 8.447.974 16.568 1.299 25.34 1.299 49.055 0 94.213-16.568 130.274-44.832-46.132-.975-84.792-31.188-98.112-72.772 6.498.974 12.995 1.624 19.818 1.624 9.421 0 18.843-1.3 27.614-3.573-48.081-9.747-84.143-51.98-84.143-102.985v-1.299c13.969 7.797 30.214 12.67 47.431 13.319-28.264-18.843-46.781-51.005-46.781-87.391 0-19.492 5.197-37.36 14.294-52.954 51.655 63.675 129.3 105.258 216.365 109.807-1.624-7.797-2.599-15.918-2.599-24.04 0-57.828 46.782-104.934 104.934-104.934 30.213 0 57.502 12.67 76.67 33.137 23.715-4.548 46.456-13.32 66.599-25.34-7.798 24.366-24.366 44.833-46.132 57.827 21.117-2.273 41.584-8.122 60.426-16.243-14.292 20.791-32.161 39.308-52.628 54.253z"
                          />
                        </svg>
                      </a>
                    </li>
                    <li>
                      <a
                        aria-label="Instagram"
                        href="#"
                      >
                        <svg
                          baseProfile="tiny"
                          fill="currentColor"
                          height="1em"
                          stroke="currentColor"
                          strokeWidth="0"
                          style={
                            Object {
                              "color": undefined,
                            }
                          }
                          version="1.2"
                          viewBox="0 0 24 24"
                          width="1em"
                          xmlns="http://www.w3.org/2000/svg"
                        >
                          <path
                            d="M18 3h-12c-1.7 0-3 1.3-3 3v12c0 1.7 1.3 3 3 3h12c1.7 0 3-1.3 3-3v-12c0-1.7-1.3-3-3-3zm-6 6c1.7 0 3 1.3 3 3s-1.3 3-3 3-3-1.3-3-3 1.3-3 3-3zm3.8-2c0-.7.6-1.2 1.2-1.2s1.2.6 1.2 1.2-.5 1.2-1.2 1.2-1.2-.5-1.2-1.2zm2.2 12h-12c-.6 0-1-.4-1-1v-6h2c0 2.8 2.2 5 5 5s5-2.2 5-5h2v6c0 .6-.4 1-1 1z"
                          />
                        </svg>
                      </a>
                    </li>
                  </ul>
                </div>
              </div>
            </div>
            <div
              aria-hidden={true}
              className="slick-slide slick-cloned"
              data-index={10}
              onClick={[Function]}
              style={
                Object {
                  "width": 0,
                }
              }
              tabIndex="-1"
            >
              <div>
                <a
                  className=""
                  href="/investigators/5"
                  onClick={[Function]}
                >
                  <img
                    alt="Dexters"
                    src="https://res.cloudinary.com/emmii/image/upload/v1664549397/general/unisex-avatar_ksg8nn.jpg"
                  />
                </a>
                <div
                  className="investigator-card__info"
                >
                  <a
                    className=""
                    href="/investigators/5"
                    onClick={[Function]}
                  >
                    <h3>
                      Dexters
                    </h3>
                    <hr
                      style={
                        Object {
                          "borderBottom": "1px solid black",
                          "borderStyle": "dotted",
                        }
                      }
                    />
                    <p>
                      lorem ipsum
                    </p>
                  </a>
                  <ul
                    className="social-icons"
                  >
                    <li>
                      <a
                        aria-label="Facebook"
                        href="#"
                      >
                        <svg
                          fill="currentColor"
                          height="1em"
                          stroke="currentColor"
                          strokeWidth="0"
                          style={
                            Object {
                              "color": undefined,
                            }
                          }
                          viewBox="0 0 320 512"
                          width="1em"
                          xmlns="http://www.w3.org/2000/svg"
                        >
                          <path
                            d="M279.14 288l14.22-92.66h-88.91v-60.13c0-25.35 12.42-50.06 52.24-50.06h40.42V6.26S260.43 0 225.36 0c-73.22 0-121.08 44.38-121.08 124.72v70.62H22.89V288h81.39v224h100.17V288z"
                          />
                        </svg>
                      </a>
                    </li>
                    <li>
                      <a
                        aria-label="Twitter"
                        href="#"
                      >
                        <svg
                          fill="currentColor"
                          height="1em"
                          stroke="currentColor"
                          strokeWidth="0"
                          style={
                            Object {
                              "color": undefined,
                            }
                          }
                          viewBox="0 0 512 512"
                          width="1em"
                          xmlns="http://www.w3.org/2000/svg"
                        >
                          <path
                            d="M459.37 151.716c.325 4.548.325 9.097.325 13.645 0 138.72-105.583 298.558-298.558 298.558-59.452 0-114.68-17.219-161.137-47.106 8.447.974 16.568 1.299 25.34 1.299 49.055 0 94.213-16.568 130.274-44.832-46.132-.975-84.792-31.188-98.112-72.772 6.498.974 12.995 1.624 19.818 1.624 9.421 0 18.843-1.3 27.614-3.573-48.081-9.747-84.143-51.98-84.143-102.985v-1.299c13.969 7.797 30.214 12.67 47.431 13.319-28.264-18.843-46.781-51.005-46.781-87.391 0-19.492 5.197-37.36 14.294-52.954 51.655 63.675 129.3 105.258 216.365 109.807-1.624-7.797-2.599-15.918-2.599-24.04 0-57.828 46.782-104.934 104.934-104.934 30.213 0 57.502 12.67 76.67 33.137 23.715-4.548 46.456-13.32 66.599-25.34-7.798 24.366-24.366 44.833-46.132 57.827 21.117-2.273 41.584-8.122 60.426-16.243-14.292 20.791-32.161 39.308-52.628 54.253z"
                          />
                        </svg>
                      </a>
                    </li>
                    <li>
                      <a
                        aria-label="Instagram"
                        href="#"
                      >
                        <svg
                          baseProfile="tiny"
                          fill="currentColor"
                          height="1em"
                          stroke="currentColor"
                          strokeWidth="0"
                          style={
                            Object {
                              "color": undefined,
                            }
                          }
                          version="1.2"
                          viewBox="0 0 24 24"
                          width="1em"
                          xmlns="http://www.w3.org/2000/svg"
                        >
                          <path
                            d="M18 3h-12c-1.7 0-3 1.3-3 3v12c0 1.7 1.3 3 3 3h12c1.7 0 3-1.3 3-3v-12c0-1.7-1.3-3-3-3zm-6 6c1.7 0 3 1.3 3 3s-1.3 3-3 3-3-1.3-3-3 1.3-3 3-3zm3.8-2c0-.7.6-1.2 1.2-1.2s1.2.6 1.2 1.2-.5 1.2-1.2 1.2-1.2-.5-1.2-1.2zm2.2 12h-12c-.6 0-1-.4-1-1v-6h2c0 2.8 2.2 5 5 5s5-2.2 5-5h2v6c0 .6-.4 1-1 1z"
                          />
                        </svg>
                      </a>
                    </li>
                  </ul>
                </div>
              </div>
            </div>
            <div
              aria-hidden={true}
              className="slick-slide slick-cloned"
              data-index={11}
              onClick={[Function]}
              style={
                Object {
                  "width": 0,
                }
              }
              tabIndex="-1"
            >
              <div>
                <a
                  className=""
                  href="/investigators/6"
                  onClick={[Function]}
                >
                  <img
                    alt="Dexters"
                    src="https://res.cloudinary.com/emmii/image/upload/v1664549397/general/unisex-avatar_ksg8nn.jpg"
                  />
                </a>
                <div
                  className="investigator-card__info"
                >
                  <a
                    className=""
                    href="/investigators/6"
                    onClick={[Function]}
                  >
                    <h3>
                      Dexters
                    </h3>
                    <hr
                      style={
                        Object {
                          "borderBottom": "1px solid black",
                          "borderStyle": "dotted",
                        }
                      }
                    />
                    <p>
                      lorem ipsum
                    </p>
                  </a>
                  <ul
                    className="social-icons"
                  >
                    <li>
                      <a
                        aria-label="Facebook"
                        href="#"
                      >
                        <svg
                          fill="currentColor"
                          height="1em"
                          stroke="currentColor"
                          strokeWidth="0"
                          style={
                            Object {
                              "color": undefined,
                            }
                          }
                          viewBox="0 0 320 512"
                          width="1em"
                          xmlns="http://www.w3.org/2000/svg"
                        >
                          <path
                            d="M279.14 288l14.22-92.66h-88.91v-60.13c0-25.35 12.42-50.06 52.24-50.06h40.42V6.26S260.43 0 225.36 0c-73.22 0-121.08 44.38-121.08 124.72v70.62H22.89V288h81.39v224h100.17V288z"
                          />
                        </svg>
                      </a>
                    </li>
                    <li>
                      <a
                        aria-label="Twitter"
                        href="#"
                      >
                        <svg
                          fill="currentColor"
                          height="1em"
                          stroke="currentColor"
                          strokeWidth="0"
                          style={
                            Object {
                              "color": undefined,
                            }
                          }
                          viewBox="0 0 512 512"
                          width="1em"
                          xmlns="http://www.w3.org/2000/svg"
                        >
                          <path
                            d="M459.37 151.716c.325 4.548.325 9.097.325 13.645 0 138.72-105.583 298.558-298.558 298.558-59.452 0-114.68-17.219-161.137-47.106 8.447.974 16.568 1.299 25.34 1.299 49.055 0 94.213-16.568 130.274-44.832-46.132-.975-84.792-31.188-98.112-72.772 6.498.974 12.995 1.624 19.818 1.624 9.421 0 18.843-1.3 27.614-3.573-48.081-9.747-84.143-51.98-84.143-102.985v-1.299c13.969 7.797 30.214 12.67 47.431 13.319-28.264-18.843-46.781-51.005-46.781-87.391 0-19.492 5.197-37.36 14.294-52.954 51.655 63.675 129.3 105.258 216.365 109.807-1.624-7.797-2.599-15.918-2.599-24.04 0-57.828 46.782-104.934 104.934-104.934 30.213 0 57.502 12.67 76.67 33.137 23.715-4.548 46.456-13.32 66.599-25.34-7.798 24.366-24.366 44.833-46.132 57.827 21.117-2.273 41.584-8.122 60.426-16.243-14.292 20.791-32.161 39.308-52.628 54.253z"
                          />
                        </svg>
                      </a>
                    </li>
                    <li>
                      <a
                        aria-label="Instagram"
                        href="#"
                      >
                        <svg
                          baseProfile="tiny"
                          fill="currentColor"
                          height="1em"
                          stroke="currentColor"
                          strokeWidth="0"
                          style={
                            Object {
                              "color": undefined,
                            }
                          }
                          version="1.2"
                          viewBox="0 0 24 24"
                          width="1em"
                          xmlns="http://www.w3.org/2000/svg"
                        >
                          <path
                            d="M18 3h-12c-1.7 0-3 1.3-3 3v12c0 1.7 1.3 3 3 3h12c1.7 0 3-1.3 3-3v-12c0-1.7-1.3-3-3-3zm-6 6c1.7 0 3 1.3 3 3s-1.3 3-3 3-3-1.3-3-3 1.3-3 3-3zm3.8-2c0-.7.6-1.2 1.2-1.2s1.2.6 1.2 1.2-.5 1.2-1.2 1.2-1.2-.5-1.2-1.2zm2.2 12h-12c-.6 0-1-.4-1-1v-6h2c0 2.8 2.2 5 5 5s5-2.2 5-5h2v6c0 .6-.4 1-1 1z"
                          />
                        </svg>
                      </a>
                    </li>
                  </ul>
                </div>
              </div>
            </div>
          </div>
        </div>
        <div
          className="right-arrow slick-arrow"
          onClick={[Function]}
          role="presentation"
          style={
            Object {
              "background": "#97bf0f",
              "cursor": "pointer",
            }
          }
        >
          <svg
            fill="currentColor"
            height="1em"
            stroke="currentColor"
            strokeWidth="0"
            style={
              Object {
                "color": undefined,
              }
            }
            viewBox="0 0 24 24"
            width="1em"
            xmlns="http://www.w3.org/2000/svg"
          >
            <path
              d="M5.536 21.886a1.004 1.004 0 0 0 1.033-.064l13-9a1 1 0 0 0 0-1.644l-13-9A.998.998 0 0 0 5 3v18a1 1 0 0 0 .536.886zM7 4.909 17.243 12 7 19.091V4.909z"
            />
          </svg>
        </div>
      </div>
    </div>
  </div>
</div>
`;
