// Jest Snapshot v1, https://goo.gl/fbAQLP

exports[`Test adding new investigator Should match its snapshot 1`] = `
<div>
  <h1>
    Add an Investigator
  </h1>
  <hr />
  <p>
    Please use the following for to add you new investigator to the system.
  </p>
  <form
    onSubmit={[Function]}
  >
    <input
      onChange={[Function]}
      placeholder="Name"
      required={true}
      type="text"
      value="loading.."
    />
    <input
      onChange={[Function]}
      placeholder="Photo link"
      required={true}
      type="text"
      value=""
    />
    <input
      onChange={[Function]}
      placeholder="Description"
      required={true}
      type="text"
      value="loading..."
    />
    <input
      onChange={[Function]}
      placeholder="Fee"
      required={true}
      type="number"
      value={0}
    />
    <input
      onChange={[Function]}
      placeholder="Rating"
      required={true}
      type="number"
      value={0}
    />
    <button
      type="submit"
    >
      Submit
    </button>
  </form>
</div>
`;
